wrote results/domestic_random/failure_analysis.md
wrote results/domestic_random/downstream.md
wrote results/domestic_random/failure_analysis_transformer_multihead.md
wrote results/domestic_random/downstream.md
wrote results/domestic_chrono/failure_analysis.md
wrote results/domestic_chrono/downstream.md
wrote results/domestic_chrono/failure_analysis_transformer_multihead.md
wrote results/domestic_chrono/downstream.md
wrote results/domestic_chrono_strict/failure_analysis.md
wrote results/domestic_chrono_strict/downstream.md
wrote results/domestic_chrono_strict/failure_analysis_transformer_multihead.md
wrote results/domestic_chrono_strict/downstream.md
wrote results/international_random/failure_analysis.md
wrote results/international_random/downstream.md
wrote results/international_random/failure_analysis_transformer_multihead.md
wrote results/international_random/downstream.md
wrote results/international_chrono/failure_analysis.md
wrote results/international_chrono/downstream.md
wrote results/international_chrono/failure_analysis_transformer_multihead.md
wrote results/international_chrono/downstream.md
wrote results/international_chrono_strict/failure_analysis.md
wrote results/international_chrono_strict/downstream.md
wrote results/international_chrono_strict/failure_analysis_transformer_multihead.md
wrote results/international_chrono_strict/downstream.md
wrote results/incidents_random/failure_analysis.md
wrote results/incidents_random/downstream.md
wrote results/incidents_random/failure_analysis_transformer_multihead.md
wrote results/incidents_random/downstream.md
wrote results/incidents_chrono/failure_analysis.md
wrote results/incidents_chrono/downstream.md
wrote results/incidents_chrono/failure_analysis_transformer_multihead.md
wrote results/incidents_chrono/downstream.md
wrote results/incidents_chrono_strict/failure_analysis.md
wrote results/incidents_chrono_strict/downstream.md
wrote results/incidents_chrono_strict/failure_analysis_transformer_multihead.md
wrote results/incidents_chrono_strict/downstream.md
ANALYSES DONE
