[incidents_chrono_strict] markov_k2 seed=0 fit=0s  nll=1.101 acc=0.515 dtMAE=20.4h remMAE=122.6h DL=0.320 ece=0.129
/Users/ranveersingh/work_trial/bpm/metrics.py:105: RuntimeWarning: invalid value encountered in scalar divide
  boots.append(sums[idx].sum() / cnts[idx].sum())
/Users/ranveersingh/work_trial/.venv/lib/python3.12/site-packages/numpy/_core/fromnumeric.py:3862: RuntimeWarning: Mean of empty slice
  return _methods._mean(a, axis=axis, dtype=dtype,
/Users/ranveersingh/work_trial/.venv/lib/python3.12/site-packages/numpy/_core/_methods.py:142: RuntimeWarning: invalid value encountered in scalar divide
  ret = ret.dtype.type(ret / rcount)
[incidents_chrono_strict] gbm seed=0 fit=13s  nll=1.349 acc=0.574 dtMAE=20.0h remMAE=81.7h DL=0.281 ece=0.155
/Users/ranveersingh/work_trial/bpm/metrics.py:105: RuntimeWarning: invalid value encountered in scalar divide
  boots.append(sums[idx].sum() / cnts[idx].sum())
/Users/ranveersingh/work_trial/.venv/lib/python3.12/site-packages/numpy/_core/fromnumeric.py:3862: RuntimeWarning: Mean of empty slice
  return _methods._mean(a, axis=axis, dtype=dtype,
/Users/ranveersingh/work_trial/.venv/lib/python3.12/site-packages/numpy/_core/_methods.py:142: RuntimeWarning: invalid value encountered in scalar divide
  ret = ret.dtype.type(ret / rcount)
[incidents_chrono_strict] gbm seed=1 fit=17s  nll=1.349 acc=0.574 dtMAE=20.0h remMAE=81.6h DL=0.313 ece=0.155
/Users/ranveersingh/work_trial/bpm/metrics.py:105: RuntimeWarning: invalid value encountered in scalar divide
  boots.append(sums[idx].sum() / cnts[idx].sum())
/Users/ranveersingh/work_trial/.venv/lib/python3.12/site-packages/numpy/_core/fromnumeric.py:3862: RuntimeWarning: Mean of empty slice
  return _methods._mean(a, axis=axis, dtype=dtype,
/Users/ranveersingh/work_trial/.venv/lib/python3.12/site-packages/numpy/_core/_methods.py:142: RuntimeWarning: invalid value encountered in scalar divide
  ret = ret.dtype.type(ret / rcount)
[incidents_chrono_strict] gbm seed=2 fit=25s  nll=1.349 acc=0.574 dtMAE=19.8h remMAE=80.0h DL=0.301 ece=0.155
/Users/ranveersingh/work_trial/bpm/metrics.py:105: RuntimeWarning: invalid value encountered in scalar divide
  boots.append(sums[idx].sum() / cnts[idx].sum())
/Users/ranveersingh/work_trial/.venv/lib/python3.12/site-packages/numpy/_core/fromnumeric.py:3862: RuntimeWarning: Mean of empty slice
  return _methods._mean(a, axis=axis, dtype=dtype,
/Users/ranveersingh/work_trial/.venv/lib/python3.12/site-packages/numpy/_core/_methods.py:142: RuntimeWarning: invalid value encountered in scalar divide
  ret = ret.dtype.type(ret / rcount)
[incidents_chrono_strict] gru_multihead seed=0 fit=8s  nll=0.812 acc=0.712 dtMAE=21.0h remMAE=126.2h DL=0.460 ece=0.040
[incidents_chrono_strict] gru_multihead seed=1 fit=14s  nll=1.132 acc=0.632 dtMAE=19.9h remMAE=84.4h DL=0.262 ece=0.058
[incidents_chrono_strict] gru_multihead seed=2 fit=11s  nll=1.217 acc=0.606 dtMAE=20.4h remMAE=92.7h DL=0.173 ece=0.107
[incidents_chrono_strict] transformer_multihead seed=0 fit=13s  nll=0.799 acc=0.710 dtMAE=20.1h remMAE=113.9h DL=0.595 ece=0.020
[incidents_chrono_strict] transformer_multihead seed=1 fit=9s  nll=0.848 acc=0.696 dtMAE=21.2h remMAE=135.2h DL=0.194 ece=0.033
[incidents_chrono_strict] transformer_multihead seed=2 fit=12s  nll=0.823 acc=0.699 dtMAE=19.8h remMAE=100.0h DL=0.234 ece=0.049
wrote results/incidents_chrono_strict.json  (218s)
